false
true
false
11
11
11
11
1.5
22
1.2
33
1.3
1.4
true
true
12
true
12
12
11
22
33
5
6
7
true
1
two
three
11
12
true
