1
1.5
hello
3
hello
true
3
1.5
hello
10.5
hello again
